<?xml version="1.0" encoding="UTF-8"?><node name="ProjectNode"><property name="Relational Node ID"><value>0</value></property><property name="Output Columns"><value>VDBName (string)</value><value>SchemaName (string)</value><value>Name (string)</value><value>Type (string)</value><value>NameInSource (string)</value><value>IsPhysical (boolean)</value><value>SupportsUpdates (boolean)</value><value>UID (string)</value><value>Cardinality (integer)</value><value>Description (string)</value><value>IsSystem (boolean)</value><value>IsMaterialized (boolean)</value><value>SchemaUID (string)</value></property><property name="Statistics"><value>Node Output Rows: 40</value><value>Node Next Batch Process Time: 0</value><value>Node Cumulative Next Batch Process Time: 0</value><value>Node Cumulative Process Time: 0</value><value>Node Next Batch Calls: 1</value><value>Node Blocks: 0</value></property><property name="Cost Estimates"><value>Estimated Node Cardinality: -1.0</value></property><property name="Child 0"><node name="AccessNode"><property name="Relational Node ID"><value>1</value></property><property name="Output Columns"><value>VDBName (string)</value><value>SchemaName (string)</value><value>Name (string)</value><value>Type (string)</value><value>NameInSource (string)</value><value>IsPhysical (boolean)</value><value>SupportsUpdates (boolean)</value><value>UID (string)</value><value>Cardinality (integer)</value><value>Description (string)</value><value>IsSystem (boolean)</value><value>IsMaterialized (boolean)</value><value>SchemaUID (string)</value></property><property name="Statistics"><value>Node Output Rows: 40</value><value>Node Next Batch Process Time: 0</value><value>Node Cumulative Next Batch Process Time: 0</value><value>Node Cumulative Process Time: 0</value><value>Node Next Batch Calls: 1</value><value>Node Blocks: 0</value></property><property name="Cost Estimates"><value>Estimated Node Cardinality: -1.0</value></property><property name="Query"><value>SELECT SYS.Tables.VDBName, SYS.Tables.SchemaName, SYS.Tables.Name, SYS.Tables.Type, SYS.Tables.NameInSource, SYS.Tables.IsPhysical, SYS.Tables.SupportsUpdates, SYS.Tables.UID, SYS.Tables.Cardinality, SYS.Tables.Description, SYS.Tables.IsSystem, SYS.Tables.IsMaterialized, SYS.Tables.SchemaUID FROM SYS.Tables</value></property><property name="Model Name"><value>SYS</value></property></node></property><property name="Select Columns"><value>SYS.Tables.VDBName</value><value>SYS.Tables.SchemaName</value><value>SYS.Tables.Name</value><value>SYS.Tables.Type</value><value>SYS.Tables.NameInSource</value><value>SYS.Tables.IsPhysical</value><value>SYS.Tables.SupportsUpdates</value><value>SYS.Tables.UID</value><value>SYS.Tables.Cardinality</value><value>SYS.Tables.Description</value><value>SYS.Tables.IsSystem</value><value>SYS.Tables.IsMaterialized</value><value>SYS.Tables.SchemaUID</value></property><property name="Data Bytes Sent"><value>3344</value></property><property name="Planning Time"><value>3</value></property></node>